[dhsprogramming.com/index.html]
[dhsprogramming.com/favicon.ico]
[backblue.gif]
[fade.gif]
[index.html]
[dhsprogramming.com/css/bootstrap.min.css]
[dhsprogramming.com/css/freelancer.css]
[dhsprogramming.com/img/profile.png]
[dhsprogramming.com/font-awesome/css/font-awesome.min.css]
[dhsprogramming.com/NAG.html]
[dhsprogramming.com/img/portfolio/NAG.png]
[dhsprogramming.com/img/portfolio/2048Slide.png]
[dhsprogramming.com/2048Slide.html]
[dhsprogramming.com/DHSLinks.html]
[dhsprogramming.com/img/portfolio/DHSLinks.png]
[dhsprogramming.com/FlipFlop.html]
[dhsprogramming.com/img/portfolio/flipflop.png]
[dhsprogramming.com/filePortal.d.delayed]
[dhsprogramming.com/img/portfolio/FilePortalIcon.png]
[dhsprogramming.com/Voltorb/volt.html]
[dhsprogramming.com/img/portfolio/voltTitle.png]
[dhsprogramming.com/ElOtro/otro.html]
[dhsprogramming.com/img/portfolio/borges1.png]
[dhsprogramming.com/neiradArticle.html]
[dhsprogramming.com/img/portfolio/NeiradDemo.png]
[dhsprogramming.com/ProjectAmerica/ProjectAmerica.html]
[dhsprogramming.com/img/portfolio/ProjAmer.png]
[dhsprogramming.com/js/jquery-1.10.2.js]
[dhsprogramming.com/js/bootstrap.min.js]
[dhsprogramming.com/js/classie.js]
[dhsprogramming.com/js/cbpAnimatedHeader.js]
[dhsprogramming.com/js/freelancer.js]
[dhsprogramming.com/js/epicShadow.js]
[dhsprogramming.com/index.html]
[dhsprogramming.com/fonts/glyphicons-halflings-regular.eot]
[dhsprogramming.com/fonts/glyphicons-halflings-regular.woff]
[dhsprogramming.com/fonts/glyphicons-halflings-regulard41d.eot]
[dhsprogramming.com/fonts/glyphicons-halflings-regular.ttf]
[dhsprogramming.com/css/bootstrap.min.css]
[dhsprogramming.com/css/freelancer.css]
[dhsprogramming.com/fonts/glyphicons-halflings-regular.svg]
[dhsprogramming.com/font-awesome/fonts/fontawesome-webfontba72.woff]
[dhsprogramming.com/font-awesome/fonts/fontawesome-webfontba72.ttf]
[dhsprogramming.com/font-awesome/fonts/fontawesome-webfontba72.eot]
[dhsprogramming.com/font-awesome/fonts/fontawesome-webfontd41d.eot]
[dhsprogramming.com/font-awesome/css/font-awesome.min.css]
[dhsprogramming.com/NeiradGen/cover.css]
[dhsprogramming.com/NAG.html]
[dhsprogramming.com/font-awesome/fonts/fontawesome-webfontba72.svg]
[dhsprogramming.com/index-2.html]
[dhsprogramming.com/2048SlideRes/cover.css]
[dhsprogramming.com/2048Slide.html]
[dhsprogramming.com/2048SlideRes/blocks.js]
[dhsprogramming.com/DHSLinksRes/cover.css]
[dhsprogramming.com/DHSLinks.html]
[dhsprogramming.com/FlipFlop.html]
[dhsprogramming.com/filePortal.html]
[dhsprogramming.com/FlipFlopRes/cover.css]
[dhsprogramming.com/Voltorb/lib/quintus.js]
[dhsprogramming.com/Voltorb/lib/quintus_sprites.js]
[dhsprogramming.com/Voltorb/lib/quintus_scenes.js]
[dhsprogramming.com/Voltorb/lib/quintus_input.js]
[dhsprogramming.com/Voltorb/lib/quintus_anim.js]
[dhsprogramming.com/Voltorb/lib/quintus_2d.js]
[dhsprogramming.com/Voltorb/lib/quintus_touch.js]
[dhsprogramming.com/Voltorb/lib/quintus_ui.js]
[dhsprogramming.com/Voltorb/Cheeze-Us.mp3]
[dhsprogramming.com/Voltorb/blocks.36.delayed]
[dhsprogramming.com/Voltorb/sprites.37.delayed]
[dhsprogramming.com/Voltorb/volt.html]
[dhsprogramming.com/ElOtro/lib/quintus.js]
[dhsprogramming.com/ElOtro/lib/quintus_sprites.js]
[dhsprogramming.com/ElOtro/lib/quintus_scenes.js]
[dhsprogramming.com/ElOtro/lib/quintus_input.js]
[dhsprogramming.com/ElOtro/lib/quintus_anim.js]
[dhsprogramming.com/ElOtro/lib/quintus_2d.js]
[dhsprogramming.com/ElOtro/lib/quintus_touch.js]
[dhsprogramming.com/ElOtro/lib/quintus_ui.js]
[dhsprogramming.com/ElOtro/js/otroScript.js]
[dhsprogramming.com/ElOtro/css/otroStyle.css]
[dhsprogramming.com/ElOtro/sound/background.mp3]
[dhsprogramming.com/ElOtro/video/static.mp4]
[dhsprogramming.com/ElOtro/images/borges1.44.delayed]
[dhsprogramming.com/ElOtro/images/borges2.png]
[dhsprogramming.com/ElOtro/otro.html]
[dhsprogramming.com/NeiradArticle/css/bootstrap.min.css]
[dhsprogramming.com/NeiradArticle/css/bluescale.css]
[dhsprogramming.com/NeiradArticle/css/NeiradStyle.css]
[dhsprogramming.com/NeiradArticle/js/jquery.js]
[dhsprogramming.com/NeiradArticle/js/bootstrap.min.js]
[dhsprogramming.com/NeiradArticle/js/jquery.easing.min.js]
[dhsprogramming.com/NeiradArticle/js/bluescale.js]
[dhsprogramming.com/neiradArticle.html]
[dhsprogramming.com/ProjectAmerica/css/AmericaStyle.css]
[dhsprogramming.com/ProjectAmerica/js/client.js]
[dhsprogramming.com/ProjectAmerica/js/positioningScript.js]
[dhsprogramming.com/ProjectAmerica/js/draggingScript.js]
[dhsprogramming.com/ProjectAmerica/js/transitionScript.js]
[dhsprogramming.com/ProjectAmerica/js/gameScript.js]
[dhsprogramming.com/ProjectAmerica/ProjectAmerica.html]
[dhsprogramming.com/fonts/glyphicons-halflings-regular.svg]
[dhsprogramming.com/font-awesome/fonts/fontawesome-webfontba72.svg]
[dhsprogramming.com/NeiradGen/NGBack.jpg]
[dhsprogramming.com/NeiradGen/cover.css]
[dhsprogramming.com/index-2.html]
[dhsprogramming.com/2048SlideRes/NGBack.png]
[dhsprogramming.com/2048SlideRes/cover.css]
[dhsprogramming.com/DHSLinksRes/NGBack.jpg]
[dhsprogramming.com/DHSLinksRes/cover.css]
[dhsprogramming.com/FlipFlopRes/NGBack.jpg]
